node.exe : PASS __test__/unit/middlewares/logger.test.ts (28.38 s)
At C:\Program Files\nodejs\npx.ps1:29 char:3
+   & $NODE_EXE $NPX_CLI_JS $args
+   ~~~~~~~~~~~~~~~~~~~~~~~~~~~~~
    + CategoryInfo          : NotSpecified: (PASS __test__/u...st.ts (28.38 s):String) [], RemoteException
    + FullyQualifiedErrorId : NativeCommandError
 
PASS __test__/unit/core/eventSpawn.test.ts (32.506 s)
PASS __test__/unit/features/trade/tradeValidation.test.ts (33.025 s)
  ÔùÅ Console

    console.log
      2026-03-08T22:02:31.500Z error: [tradeValidation.ts:137] DB error during execution Error executing trade 
test_trade_err

      at Console.log (node_modules/winston/lib/winston/transports/console.js:87:23)

PASS __test__/unit/features/pokemon/selectPokemon.test.ts (34.167 s)
PASS __test__/integration/commands/admin/spawn.test.ts (37.511 s)
PASS __test__/unit/features/pokedex.test.ts (43.488 s)
PASS __test__/unit/features/code/code.test.ts (44.332 s)
PASS __test__/integration/commands/admin/adminSettings.test.ts (22.161 s)
PASS __test__/integration/commands/user/code.test.ts (54.288 s)
PASS __test__/unit/features/adminSettings/maxSpawnsHandler.test.ts (20.046 s)
PASS __test__/integration/commands/save/pokedex.test.ts (22.901 s)
PASS __test__/integration/commands/save/howMuchThisPokemon.test.ts (56.146 s)
PASS __test__/integration/cache/serverCache.test.ts (23.366 s)
PASS __test__/unit/features/event/selectEventStandard.test.ts (57 s)
PASS __test__/integration/commands/information/stat.test.ts (19.501 s)
FAIL __test__/integration/commands/information/hintPokemon.test.ts
  ÔùÅ Test suite failed to run

    [96msrc/features/hint/createHint.ts[0m:[93m11[0m:[93m22[0m - [91merror[0m[90m TS2550: [0mProperty 
'replaceAll' does not exist on type 'string'. Do you need to change your target library? Try changing the 'lib' 
compiler option to 'es2021' or later.

    [7m11[0m   return namePokemon.replaceAll(/[a-zA-Z0-9]/g, "_").split("");
    [7m  [0m [91m                     ~~~~~~~~~~[0m

PASS __test__/integration/messageCreate/spawn/spawnEvent.test.ts (61.174 s)
PASS __test__/unit/features/code/activeCode.test.ts (18.996 s)
PASS __test__/integration/commands/information/information.test.ts (19.81 s)
PASS __test__/unit/features/adminSettings/spawnHandler.test.ts (65.681 s)
PASS __test__/unit/features/other/randomStatus.test.ts (16.221 s)
PASS __test__/integration/cache/statCache.test.ts (16.648 s)
PASS __test__/integration/cache/userCache.test.ts (15.449 s)
PASS __test__/integration/commands/server/effect.test.ts (16.951 s)
PASS __test__/integration/commands/admin/adminSettingsCommand.test.ts (15.846 s)
PASS __test__/unit/features/adminSettings/minSpawnsHandler.test.ts (18.924 s)
PASS __test__/integration/commands/information/tutorial.test.ts (12.536 s)
  ÔùÅ Console

    console.log
      2026-03-08T22:03:12.170Z error: [index.js:631] db error Error in tutorial command for user 123456 in server 
654321

      at Console.log (node_modules/winston/lib/winston/transports/console.js:87:23)

PASS __test__/integration/data/pokemon.test.ts (13.688 s)
PASS __test__/unit/features/event/checkTimeForResetEventStat.test.ts (18.625 s)
PASS __test__/integration/commands/admin/langue.test.ts (11.993 s)
  ÔùÅ Console

    console.log
      2026-03-08T22:03:15.112Z error: [langue.ts:64] Database error Error in langue command for user 123456 in server 
654321

      at Console.log (node_modules/winston/lib/winston/transports/console.js:87:23)

PASS __test__/unit/features/adminSettings/languageHandler.test.ts (14.944 s)
PASS __test__/unit/features/trade/tradeMenuHandler.test.ts (13.877 s)
PASS __test__/unit/features/other/paginationMenu.test.ts (14.428 s)
PASS __test__/unit/features/spawn/spawn.test.ts (82.951 s)
PASS __test__/unit/features/trade/tradeUtils.test.ts (10.829 s)
PASS __test__/unit/features/trade/tradeConfirmation.test.ts (11.738 s)
PASS __test__/unit/features/other/paginationButton.test.ts (11.133 s)
PASS __test__/unit/utils/menu/menuSystem.test.ts (14.148 s)
PASS __test__/unit/features/event/effectEvent.test.ts (11.29 s)
PASS __test__/unit/features/trade/tradeEmbeds.test.ts (12.479 s)
PASS __test__/unit/features/catch/catch.test.ts (10.119 s)
PASS __test__/unit/features/trade/tradeHandlers.test.ts (11.882 s)
PASS __test__/unit/features/pokemon/selectSosPokemon.test.ts (13.28 s)
PASS __test__/unit/features/trade/tradeCache.test.ts (10.867 s)
PASS __test__/unit/features/trade/trade.test.ts (10.639 s)
PASS __test__/unit/utils/menu/menuBuilder.test.ts (9.212 s)
PASS __test__/unit/utils/menu/utils.test.ts (7.843 s)
PASS __test__/unit/utils/menu/menuHandler.test.ts (9.668 s)
PASS __test__/unit/features/trade/tradeMenu.test.ts (9.149 s)
PASS __test__/unit/features/trade/tradeSelection.test.ts (10.337 s)
PASS __test__/unit/features/adminSettings/utils.test.ts (8.903 s)
FAIL __test__/unit/features/hint/createHint.test.ts
  ÔùÅ Test suite failed to run

    [96msrc/features/hint/createHint.ts[0m:[93m11[0m:[93m22[0m - [91merror[0m[90m TS2550: [0mProperty 
'replaceAll' does not exist on type 'string'. Do you need to change your target library? Try changing the 'lib' 
compiler option to 'es2021' or later.

    [7m11[0m   return namePokemon.replaceAll(/[a-zA-Z0-9]/g, "_").split("");
    [7m  [0m [91m                     ~~~~~~~~~~[0m

PASS __test__/unit/features/tutorial/adminTutorialHandler.test.ts (8.897 s)
PASS __test__/unit/utils/helperFunction.test.ts (8.15 s)
PASS __test__/unit/features/raid/raidEmbed.test.ts (9.529 s)
PASS __test__/unit/features/raid/raidManager.test.ts (8.868 s)
PASS __test__/unit/features/tutorial/gameplayTutorialHandler.test.ts (9.302 s)
PASS __test__/integration/commands/user/catch.test.ts (97.057 s)
  ÔùÅ Console

    console.log
      2026-03-08T22:03:23.737Z error: [catch.ts:108] Update error Error updating caches after catching a Pok├®mon

      at Console.log (node_modules/winston/lib/winston/transports/console.js:87:23)

PASS __test__/unit/core/saveAllPokemon.test.ts (8.756 s)
PASS __test__/unit/features/tutorial/commandsTutorialHandler.test.ts (7.868 s)
PASS __test__/unit/features/raid/selectRaidPokemon.test.ts (7.623 s)
PASS __test__/unit/commands/user/trade.test.ts (6.435 s)
PASS __test__/unit/core/server.test.ts (5.44 s)
PASS __test__/unit/core/pokemon.test.ts
PASS __test__/unit/utils/resetTestEnv.test.ts
PASS __test__/unit/lang/language.test.ts (5.172 s)
PASS __test__/integration/messageCreate/spawn/spawnPokemon.test.ts (194.348 s)

Summary of all failing tests
FAIL __test__/integration/commands/information/hintPokemon.test.ts
  ÔùÅ Test suite failed to run

    [96msrc/features/hint/createHint.ts[0m:[93m11[0m:[93m22[0m - [91merror[0m[90m TS2550: [0mProperty 
'replaceAll' does not exist on type 'string'. Do you need to change your target library? Try changing the 'lib' 
compiler option to 'es2021' or later.

    [7m11[0m   return namePokemon.replaceAll(/[a-zA-Z0-9]/g, "_").split("");
    [7m  [0m [91m                     ~~~~~~~~~~[0m

FAIL __test__/unit/features/hint/createHint.test.ts
  ÔùÅ Test suite failed to run

    [96msrc/features/hint/createHint.ts[0m:[93m11[0m:[93m22[0m - [91merror[0m[90m TS2550: [0mProperty 
'replaceAll' does not exist on type 'string'. Do you need to change your target library? Try changing the 'lib' 
compiler option to 'es2021' or later.

    [7m11[0m   return namePokemon.replaceAll(/[a-zA-Z0-9]/g, "_").split("");
    [7m  [0m [91m                     ~~~~~~~~~~[0m


Test Suites: 2 failed, 65 passed, 67 total
Tests:       2089 passed, 2089 total
Snapshots:   0 total
Time:        196.062 s
Ran all test suites.
Force exiting Jest: Have you considered using `--detectOpenHandles` to detect async operations that kept running after 
all tests finished?
